Watching for file changes with StatReloader
[24/Sep/2026 13:47:27] "GET /api/translations/ HTTP/1.1" 200 8257
[24/Sep/2026 13:47:27] "GET /api/translations/ HTTP/1.1" 200 8257
[24/Sep/2026 13:48:52] "GET /api/translations/ HTTP/1.1" 200 8257
[24/Sep/2026 13:48:52] "GET /api/translations/ HTTP/1.1" 200 8257
[24/Sep/2026 13:48:54] "OPTIONS /api/token/ HTTP/1.1" 200 0
Unauthorized: /api/token/
[24/Sep/2026 13:48:54] "POST /api/token/ HTTP/1.1" 401 63
[24/Sep/2026 13:48:55] "GET /api/translations/ HTTP/1.1" 200 8257
[24/Sep/2026 13:48:55] "GET /api/translations/ HTTP/1.1" 200 8257
[24/Sep/2026 13:48:56] "GET /api/translations/ HTTP/1.1" 200 8257
[24/Sep/2026 13:48:56] "GET /api/translations/ HTTP/1.1" 200 8257
[24/Sep/2026 13:50:09] "GET /api/translations/ HTTP/1.1" 200 8257
[24/Sep/2026 13:50:09] "GET /api/translations/ HTTP/1.1" 200 8257
[24/Sep/2026 13:50:12] "OPTIONS /api/token/ HTTP/1.1" 200 0
Unauthorized: /api/token/
[24/Sep/2026 13:50:12] "POST /api/token/ HTTP/1.1" 401 63
[24/Sep/2026 13:50:12] "GET /api/translations/ HTTP/1.1" 200 8257
[24/Sep/2026 13:50:12] "GET /api/translations/ HTTP/1.1" 200 8257
[24/Sep/2026 13:50:16] "GET /api/translations/ HTTP/1.1" 200 8257
[24/Sep/2026 13:50:16] "GET /api/translations/ HTTP/1.1" 200 8257
[24/Sep/2026 13:51:14] "GET /api/translations/ HTTP/1.1" 200 8257
[24/Sep/2026 13:51:14] "GET /api/translations/ HTTP/1.1" 200 8257
[24/Sep/2026 13:51:43] "GET /api/translations/ HTTP/1.1" 200 8257
[24/Sep/2026 13:51:43] "GET /api/translations/ HTTP/1.1" 200 8257
[24/Sep/2026 13:51:46] "OPTIONS /api/token/ HTTP/1.1" 200 0
Unauthorized: /api/token/
[24/Sep/2026 13:51:46] "POST /api/token/ HTTP/1.1" 401 63
[24/Sep/2026 13:51:46] "GET /api/translations/ HTTP/1.1" 200 8257
[24/Sep/2026 13:51:46] "GET /api/translations/ HTTP/1.1" 200 8257
[24/Sep/2026 13:51:50] "GET /api/translations/ HTTP/1.1" 200 8257
[24/Sep/2026 13:51:50] "GET /api/translations/ HTTP/1.1" 200 8257
[24/Sep/2026 13:53:47] "GET /api/translations/ HTTP/1.1" 200 8257
[24/Sep/2026 13:53:47] "GET /api/translations/ HTTP/1.1" 200 8257
[24/Sep/2026 13:54:43] "GET /api/translations/ HTTP/1.1" 200 8257
[24/Sep/2026 13:54:43] "GET /api/translations/ HTTP/1.1" 200 8257
[24/Sep/2026 13:54:46] "OPTIONS /api/token/ HTTP/1.1" 200 0
/home/jules/.pyenv/versions/3.12.13/lib/python3.12/site-packages/jwt/api_jwt.py:149: InsecureKeyLengthWarning: The HMAC key is 8 bytes long, which is below the minimum recommended length of 32 bytes for SHA256. See RFC 7518 Section 3.2.
  return self._jws.encode(
[24/Sep/2026 13:54:46] "POST /api/token/ HTTP/1.1" 200 483
[24/Sep/2026 13:54:46] "OPTIONS /api/users/profile/ HTTP/1.1" 200 0
/home/jules/.pyenv/versions/3.12.13/lib/python3.12/site-packages/jwt/api_jwt.py:370: InsecureKeyLengthWarning: The HMAC key is 8 bytes long, which is below the minimum recommended length of 32 bytes for SHA256. See RFC 7518 Section 3.2.
  decoded = self.decode_complete(
[24/Sep/2026 13:54:46] "GET /api/users/profile/ HTTP/1.1" 200 301
[24/Sep/2026 13:54:47] "OPTIONS /api/schedule/appointments/upcoming/ HTTP/1.1" 200 0
[24/Sep/2026 13:54:47] "OPTIONS /api/schedule/appointments/upcoming/ HTTP/1.1" 200 0
[24/Sep/2026 13:54:47] "GET /api/schedule/appointments/upcoming/ HTTP/1.1" 200 2
[24/Sep/2026 13:54:47] "GET /api/schedule/appointments/upcoming/ HTTP/1.1" 200 2
[24/Sep/2026 13:54:48] "OPTIONS /api/translations/ HTTP/1.1" 200 0
[24/Sep/2026 13:54:48] "OPTIONS /api/translations/ HTTP/1.1" 200 0
[24/Sep/2026 13:54:48] "GET /api/translations/ HTTP/1.1" 200 8257
[24/Sep/2026 13:54:48] "GET /api/users/profile/ HTTP/1.1" 200 301
[24/Sep/2026 13:54:48] "GET /api/users/profile/ HTTP/1.1" 200 301
[24/Sep/2026 13:54:48] "GET /api/translations/ HTTP/1.1" 200 8257
[24/Sep/2026 13:54:51] "PUT /api/users/profile/ HTTP/1.1" 200 297
