Watching for file changes with StatReloader
Bad Request: /api/users/register/
[24/Sep/2026 08:27:03] "POST /api/users/register/ HTTP/1.1" 400 58
/home/jules/.pyenv/versions/3.12.13/lib/python3.12/site-packages/jwt/api_jwt.py:149: InsecureKeyLengthWarning: The HMAC key is 8 bytes long, which is below the minimum recommended length of 32 bytes for SHA256. See RFC 7518 Section 3.2.
  return self._jws.encode(
[24/Sep/2026 08:27:04] "POST /api/token/ HTTP/1.1" 200 486
Bad Request: /api/users/register/
[24/Sep/2026 08:27:05] "POST /api/users/register/ HTTP/1.1" 400 58
[24/Sep/2026 08:27:05] "POST /api/token/ HTTP/1.1" 200 486
Bad Request: /api/users/register/
[24/Sep/2026 08:29:04] "POST /api/users/register/ HTTP/1.1" 400 58
[24/Sep/2026 08:29:05] "POST /api/token/ HTTP/1.1" 200 486
Bad Request: /api/users/register/
[24/Sep/2026 08:29:06] "POST /api/users/register/ HTTP/1.1" 400 58
[24/Sep/2026 08:29:06] "POST /api/token/ HTTP/1.1" 200 486
Performing system checks...

System check identified no issues (0 silenced).

You have 1 unapplied migration(s). Your project may not work properly until you apply the migrations for app(s): settlement.
Run 'python manage.py migrate' to apply them.
September 24, 2026 - 08:26:04
Django version 4.2.7, using settings 'aequitas.settings'
Starting development server at http://127.0.0.1:8000/
Quit the server with CONTROL-C.

